04-14 21:30:10.484  3391  4844 I Unity   : [XR] [479766157808] [21:30:10.484][Info   ]   XR_FB_passthrough: Version=4
04-14 21:30:10.484  3391  4844 I Unity   : [XR] [479766157808] [21:30:10.484][Info   ]   XR_META_passthrough_color_lut: Version=1
04-14 21:30:10.484  3391  4844 I Unity   : [XR] [479766157808] [21:30:10.484][Info   ]   XR_META_passthrough_layer_resumed_event: Version=1
04-14 21:30:10.484  3391  4844 I Unity   : [XR] [479766157808] [21:30:10.484][Info   ]   XR_META_passthrough_preferences: Version=1
04-14 21:30:10.484  3391  4844 I Unity   : [XR] [479766157808] [21:30:10.484][Info   ]   Meta Quest: Camera (Passthrough): Version=0.1.0, Company="Unity Technologies", Extensions="XR_FB_passthrough"
04-14 21:30:10.484  3391  4844 I Unity   : [XR] [479766157808] [21:30:10.484][Info   ]   XR_FB_passthrough_keyboard_hands: Feature="Meta XR Feature": Version=0.0.1, Company="Meta"
04-14 21:30:10.485  3391  4844 I Unity   : [XR] [479766157808] [21:30:10.485][Info   ]   Meta Quest: Camera (Passthrough): Version=0.1.0, Company="Unity Technologies", Extensions="XR_FB_passthrough"
04-14 21:30:10.485  3391  4844 I Unity   : [XR] [479766157808] [21:30:10.485][Info   ]   XR_FB_passthrough_keyboard_hands: Feature="Meta XR Feature": Version=0.0.1, Company="Meta"
04-14 21:30:10.485  3391  4844 I Unity   : [XR] [479766157808] [21:30:10.485][Info   ]   Meta Quest: Camera (Passthrough): Version=0.1.0, Company="Unity Technologies", Extensions="XR_FB_passthrough"
04-14 21:30:10.486  3391  4844 I Unity   : [XR] [479766157808] [21:30:10.486][Info   ]   Meta Quest: Camera (Passthrough): Version=0.1.0, Company="Unity Technologies", Extensions="XR_FB_passthrough"
04-14 21:30:10.486  3391  4844 I Unity   : [XR] [479766157808] [21:30:10.486][Info   ]   XR_FB_passthrough_keyboard_hands: Feature="Meta XR Feature": Version=0.0.1, Company="Meta"
04-14 21:30:10.486  3391  4844 I Unity   : [XR] [479766157808] [21:30:10.486][Info   ]   Meta Quest: Camera (Passthrough): Version=0.1.0, Company="Unity Technologies", Extensions="XR_FB_passthrough"
04-14 21:30:10.487  3391  4844 I Unity   : [XR] [479766157808] [21:30:10.487][Info   ]   XR_FB_passthrough_keyboard_hands: Feature="Meta XR Feature": Version=0.0.1, Company="Meta"
04-14 21:30:10.487  3391  4844 I Unity   : [XR] [479766157808] [21:30:10.487][Info   ]   Meta Quest: Camera (Passthrough): Version=0.1.0, Company="Unity Technologies", Extensions="XR_FB_passthrough"
04-14 21:30:10.487  3391  4844 I Unity   : [XR] [479766157808] [21:30:10.487][Info   ]   XR_FB_passthrough_keyboard_hands: Feature="Meta XR Feature": Version=0.0.1, Company="Meta"
04-14 21:30:10.488  3391  4844 I Unity   : [XR] [479766157808] [21:30:10.488][Info   ]   Meta Quest: Camera (Passthrough): Version=0.1.0, Company="Unity Technologies", Extensions="XR_FB_passthrough"
04-14 21:30:10.488  3391  4844 I Unity   : [XR] [479766157808] [21:30:10.488][Info   ]   XR_FB_passthrough_keyboard_hands: Feature="Meta XR Feature": Version=0.0.1, Company="Meta"
04-14 21:30:10.488  3391  4844 I Unity   : [XR] [479766157808] [21:30:10.488][Info   ]   Meta Quest: Camera (Passthrough): Version=0.1.0, Company="Unity Technologies", Extensions="XR_FB_passthrough"
04-14 21:30:10.488  3391  4844 I Unity   : [XR] [479766157808] [21:30:10.488][Info   ]   XR_FB_passthrough_keyboard_hands: Feature="Meta XR Feature": Version=0.0.1, Company="Meta"
04-14 21:30:10.488  3391  4844 I Unity   : [XR] [479766157808] [21:30:10.488][Info   ]   Meta Quest: Camera (Passthrough): Version=0.1.0, Company="Unity Technologies", Extensions="XR_FB_passthrough"
04-14 21:30:10.488  3391  4844 I Unity   : [XR] [479766157808] [21:30:10.488][Info   ]   XR_FB_passthrough_keyboard_hands: Feature="Meta XR Feature": Version=0.0.1, Company="Meta"
04-14 21:30:10.489  3391  4844 I Unity   : [XR] [479766157808] [21:30:10.489][Info   ]   Meta Quest: Camera (Passthrough): Version=0.1.0, Company="Unity Technologies", Extensions="XR_FB_passthrough"
04-14 21:30:10.489  3391  4844 I Unity   : [XR] [479766157808] [21:30:10.489][Info   ]   XR_FB_passthrough_keyboard_hands: Feature="Meta XR Feature": Version=0.0.1, Company="Meta"
04-14 21:30:10.489  3391  4844 I Unity   : [XR] [479766157808] [21:30:10.489][Info   ]   Meta Quest: Camera (Passthrough): Version=0.1.0, Company="Unity Technologies", Extensions="XR_FB_passthrough"
04-14 21:30:10.489  3391  4844 I Unity   : [XR] [479766157808] [21:30:10.489][Info   ]   XR_FB_passthrough_keyboard_hands: Feature="Meta XR Feature": Version=0.0.1, Company="Meta"
04-14 21:30:10.489  3391  4844 I Unity   : [XR] [479766157808] [21:30:10.489][Info   ]   Meta Quest: Camera (Passthrough): Version=0.1.0, Company="Unity Technologies", Extensions="XR_FB_passthrough"
04-14 21:30:10.489  3391  4844 I Unity   : [XR] [479766157808] [21:30:10.489][Info   ]   XR_FB_passthrough_keyboard_hands: Feature="Meta XR Feature": Version=0.0.1, Company="Meta"
04-14 21:30:10.490  3391  4844 I Unity   : [XR] [479766157808] [21:30:10.490][Info   ]   Meta Quest: Camera (Passthrough): Version=0.1.0, Company="Unity Technologies", Extensions="XR_FB_passthrough"
04-14 21:30:10.490  3391  4844 I Unity   : [XR] [479766157808] [21:30:10.490][Info   ]   XR_FB_passthrough_keyboard_hands: Feature="Meta XR Feature": Version=0.0.1, Company="Meta"
04-14 21:30:10.490  3391  4844 I Unity   : [XR] [479766157808] [21:30:10.490][Info   ]   Meta Quest: Camera (Passthrough): Version=0.1.0, Company="Unity Technologies", Extensions="XR_FB_passthrough"
04-14 21:30:10.490  3391  4844 I Unity   : [XR] [479766157808] [21:30:10.490][Info   ]   XR_FB_passthrough_keyboard_hands: Feature="Meta XR Feature": Version=0.0.1, Company="Meta"
04-14 21:30:10.490  3391  4844 I Unity   : [XR] [479766157808] [21:30:10.490][Info   ]   Meta Quest: Camera (Passthrough): Version=0.1.0, Company="Unity Technologies", Extensions="XR_FB_passthrough"
04-14 21:30:10.490  3391  4844 I Unity   : [XR] [479766157808] [21:30:10.490][Info   ]   XR_FB_passthrough_keyboard_hands: Feature="Meta XR Feature": Version=0.0.1, Company="Meta"
04-14 21:30:10.491  3391  4844 I Unity   : [XR] [479766157808] [21:30:10.491][Info   ]   Meta Quest: Camera (Passthrough): Version=0.1.0, Company="Unity Technologies", Extensions="XR_FB_passthrough"
04-14 21:30:10.491  3391  4844 I Unity   : [XR] [479766157808] [21:30:10.491][Info   ]   XR_FB_passthrough_keyboard_hands: Feature="Meta XR Feature": Version=0.0.1, Company="Meta"
04-14 21:30:10.491  3391  4844 I Unity   : [XR] [479766157808] [21:30:10.491][Info   ]   Meta Quest: Camera (Passthrough): Version=0.1.0, Company="Unity Technologies", Extensions="XR_FB_passthrough"
04-14 21:30:10.491  3391  4844 I Unity   : [XR] [479766157808] [21:30:10.491][Info   ]   XR_FB_passthrough_keyboard_hands: Feature="Meta XR Feature": Version=0.0.1, Company="Meta"
04-14 21:30:10.491  3391  4844 I Unity   : [XR] [479766157808] [21:30:10.491][Info   ]   Meta Quest: Camera (Passthrough): Version=0.1.0, Company="Unity Technologies", Extensions="XR_FB_passthrough"
04-14 21:30:10.491  3391  4844 I Unity   : [XR] [479766157808] [21:30:10.491][Info   ]   XR_FB_passthrough_keyboard_hands: Feature="Meta XR Feature": Version=0.0.1, Company="Meta"
04-14 21:30:10.492  3391  4844 I Unity   : [XR] [479766157808] [21:30:10.492][Info   ]   Meta Quest: Camera (Passthrough): Version=0.1.0, Company="Unity Technologies", Extensions="XR_FB_passthrough"
04-14 21:30:10.492  3391  4844 I Unity   : [XR] [479766157808] [21:30:10.492][Info   ]   XR_FB_passthrough_keyboard_hands: Feature="Meta XR Feature": Version=0.0.1, Company="Meta"
04-14 21:30:10.494  3391  4844 I Unity   : [XR] [479766157808] [21:30:10.494][Info   ]   Meta Quest: Camera (Passthrough): Version=0.1.0, Company="Unity Technologies", Extensions="XR_FB_passthrough"
04-14 21:30:10.495  3391  4844 I Unity   : [XR] [479766157808] [21:30:10.495][Info   ]   XR_FB_passthrough_keyboard_hands: Feature="Meta XR Feature": Version=0.0.1, Company="Meta"
04-14 21:30:10.495  3391  4844 I Unity   : [XR] [479766157808] [21:30:10.495][Info   ]   Meta Quest: Camera (Passthrough): Version=0.1.0, Company="Unity Technologies", Extensions="XR_FB_passthrough"
04-14 21:30:10.497  3391  4844 I Unity   : [XR] [479766157808] [21:30:10.497][Info   ]   Meta Quest: Camera (Passthrough): Version=0.1.0, Company="Unity Technologies", Extensions="XR_FB_passthrough"
04-14 21:30:10.498  3391  4844 I Unity   : [XR] [479766157808] [21:30:10.498][Info   ]   Meta Quest: Camera (Passthrough): Version=0.1.0, Company="Unity Technologies", Extensions="XR_FB_passthrough"
04-14 21:30:10.513  1785  2041 W PassthroughInCompositorRenderer: PTINC: Stale images. Staleness=0.14s
04-14 21:30:10.522  1785  2041 I CompositorVR: Passthrough usage state changed: app 1, guardian 0, shell 1, system 1, mask 0, surface_proj 0
04-14 21:30:10.555  1785  2322 I InterstitialRenderer: Stopping broadcastTimer_
04-14 21:30:10.563  1785  2041 I CompositorVR: Passthrough usage state changed: app 1, guardian 0, shell 1, system 0, mask 0, surface_proj 0
04-14 21:30:10.570  2298  2939 I [SEO] TravelController: ProcessImmersiveTransitionEvent: End Transition for package: gg.QuestNav.QuestNav and launchId: , isPassthroughActive: false, isPassthroughTransition: false
04-14 21:30:10.600  2298  2939 I [SEO] WorldManager: SetMRHomeWorldPassthrough, enable: 0, reason Non-Home app has loaded
04-14 21:30:10.611  1108  1243 I MRSS    : MIXEDREALITY: PassthroughTelemetry: Passthrough compute telemetry over 30.0 seconds:
04-14 21:30:10.611  1108  1243 I MRSS    : MIXEDREALITY: PassthroughTelemetry: - using online cal: yes, calibration age: 4.8 minutes
04-14 21:30:10.611  1108  1243 I MRSS    : MIXEDREALITY: PassthroughTelemetry: - frames processed (stereo/depth): 895.0 (895.0/0.0)
04-14 21:30:10.611  1108  1243 I MRSS    : MIXEDREALITY: PassthroughTelemetry: - avg exp/gain stereo: 3.5/2.1 depth: 0.0/0.0
04-14 21:30:10.611  1108  1243 I MRSS    : MIXEDREALITY: PassthroughTelemetry: - per frame: primary: 0.0,0.0,0.0, secondary: 0.0,0.0,0.0, prev mesh: 0.0,0.0,0.0
04-14 21:30:10.611  1108  1243 I MRSS    : MIXEDREALITY: PassthroughTelemetry: - mld: model hash: 16384365530014645678
04-14 21:30:10.611  1108  1243 I MRSS    : MIXEDREALITY: PassthroughTelemetry: - mld per stereo frame: count: 134750.0, extracted: 0.0, sparsified: 0.0
04-14 21:30:10.611  1108  1243 I MRSS    : MIXEDREALITY: PassthroughComputeCapability: sendComputeTelemetry: Logging telemetry.
04-14 21:30:10.618  4232  4583 I GuardianPassthroughMgr: [GuardianPassthroughMgr::UpdateIsAppPassthroughInUse] isAppPassthroughInUse updated from 0 to 1
04-14 21:30:11.007  1108  1389 W MRSS    : MIXEDREALITY: CapabilityWorkExecutor: WatchdogProbe [mrss_compu_sys]: Capability Passthrough timed out, it's taking more than 30ms to complete, expected max 30ms. Total expirations: 1.
04-14 21:30:11.007  1108  1243 W MRSS    : MIXEDREALITY: CapabilityWorkExecutor: WatchdogProbe [mrss_compu_sys]: Capability Passthrough completed in 30ms, expected max 30ms. Total expirations: 1.
04-14 21:30:11.237  1108  1389 W MRSS    : MIXEDREALITY: CapabilityWorkExecutor: WatchdogProbe [mrss_compu_sys]: Capability Passthrough timed out, it's taking more than 30ms to complete, expected max 30ms. Total expirations: 1.
04-14 21:30:11.244  1108  1243 W MRSS    : MIXEDREALITY: CapabilityWorkExecutor: WatchdogProbe [mrss_compu_sys]: Capability Passthrough completed in 37ms, expected max 30ms. Total expirations: 1.
04-14 21:30:11.328  1108  1240 I MRSS    : MIXEDREALITY: MrFeatureTelemetry: Passthrough Slam-based mesh metrics for telemetry completed. 2545.584173
04-14 21:30:11.373  1108  1389 W MRSS    : MIXEDREALITY: CapabilityWorkExecutor: WatchdogProbe [mrss_compu_sys]: Capability Passthrough timed out, it's taking more than 30ms to complete, expected max 30ms. Total expirations: 1.
04-14 21:30:11.378  1108  1243 W MRSS    : MIXEDREALITY: CapabilityWorkExecutor: WatchdogProbe [mrss_compu_sys]: Capability Passthrough completed in 35ms, expected max 30ms. Total expirations: 1.
04-14 21:30:11.623  1785  2041 I [CT]    : MIXEDREALITY: PassthroughApiManager: GetUpdatedLayerState: (every 2 seconds) PT is: ON numLayers: 2
04-14 21:30:12.011  1108  1389 W MRSS    : MIXEDREALITY: CapabilityWorkExecutor: WatchdogProbe [mrss_compu_sys]: Capability Passthrough timed out, it's taking more than 30ms to complete, expected max 30ms. Total expirations: 1.
04-14 21:30:12.013  1108  1243 W MRSS    : MIXEDREALITY: CapabilityWorkExecutor: WatchdogProbe [mrss_compu_sys]: Capability Passthrough completed in 32ms, expected max 30ms. Total expirations: 1.
04-14 21:30:12.055  1108  1389 W MRSS    : MIXEDREALITY: CapabilityWorkExecutor: WatchdogProbe [mrss_compu_sys]: Capability Passthrough timed out, it's taking more than 30ms to complete, expected max 30ms. Total expirations: 1.
04-14 21:30:12.055  1108  1243 W MRSS    : MIXEDREALITY: CapabilityWorkExecutor: WatchdogProbe [mrss_compu_sys]: Capability Passthrough completed in 30ms, expected max 30ms. Total expirations: 1.
04-14 21:30:12.181  1785  2041 W PassthroughInCompositorRenderer: PTINC: Dropped 2 consecutive camera frames.


cjhill@MT-502988 MINGW64 /c/CJH/Python/FRC/2026/gui/adb (main)
